// Jest Snapshot v1, https://goo.gl/fbAQLP

exports[`Reviews Component Reviews Component should render as expected 1`] = `
<div>
  Free standard shipping and 30-day free returns, only with NikePlus. Exclusions apply. Learn more.
  <li>
    Standard / Arrives 2-4 Business Days 
  </li>
  <li>
    Two-Day / Arrives 2-3 Business Days 
  </li>
  <li>
    Next-Day / Arrives 1-2 Business Days 
  </li>
</div>
`;
